Q1.Using the echo command print in console "Hello World". Here is some info about echo command [https://discuss.codecademy.com/t/what-are-practical-uses-of-the-echo-command/394788]

solution: 
Megha@LAPTOP-LMBNID1E MINGW64 ~/desktop/ironhack/week_1/day_1/morning/lab-bash (master)
$ echo "Hello World"
Hello World

Q2.Create a new directory called new_dir

solution:
Megha@LAPTOP-LMBNID1E MINGW64 ~/desktop/ironhack/week_1/day_1/morning/lab-bash (master)
$ mkdir new_dir

Q3.Delete/Remove the directory new_dir.

solution:
Megha@LAPTOP-LMBNID1E MINGW64 ~/desktop/ironhack/week_1/day_1/morning/lab-bash (master)
$ rm -r new_dir

Megha@LAPTOP-LMBNID1E MINGW64 ~/desktop/ironhack/week_1/day_1/morning/lab-bash (master)
$ ls
exercices/  inputs/  lorem/  lorem-copy/  outputs/  readme.md

Q4.Copy the file sed.txt from the lorem folder and paste it to the folder lorem-copy folder.

solution:
Megha@LAPTOP-LMBNID1E MINGW64 ~/desktop/ironhack/week_1/day_1/morning/lab-bash (master)
$ cp lorem/sed.txt lorem-copy

Megha@LAPTOP-LMBNID1E MINGW64 ~/desktop/ironhack/week_1/day_1/morning/lab-bash (master)
$ cd lorem-copy

Megha@LAPTOP-LMBNID1E MINGW64 ~/desktop/ironhack/week_1/day_1/morning/lab-bash/lorem-copy (master)
$ ls
dummy_file.txt  sed.txt

Q5.Copy the other two files from the lorem folder to lorem-copy folder in just one line using semicolon ;.

solution:
Megha@LAPTOP-LMBNID1E MINGW64 ~/desktop/ironhack/week_1/day_1/morning/lab-bash (master)
$ cp lorem/at.txt lorem/lorem.txt lorem-copy

Megha@LAPTOP-LMBNID1E MINGW64 ~/desktop/ironhack/week_1/day_1/morning/lab-bash (master)
$ cd lorem-copy

Megha@LAPTOP-LMBNID1E MINGW64 ~/desktop/ironhack/week_1/day_1/morning/lab-bash/lorem-copy (master)
$ ls
at.txt  dummy_file.txt  lorem.txt  sed.txt

Q6. Show the sed.txt file content from the lorem folder.

solution:
Megha@LAPTOP-LMBNID1E MINGW64 ~/desktop/ironhack/week_1/day_1/morning/lab-bash (master)
$ cat lorem/sed.txt
Sed ut perspiciatis unde omnis iste natus error sit voluptatem accusantium doloremque laudantium,
totam rem aperiam, eaque ipsa quae ab illo inventore veritatis et quasi architecto beatae vitae dicta sunt explicabo.
Nemo enim ipsam voluptatem quia voluptas sit aspernatur aut odit aut fugit,
sed quia consequuntur magni dolores eos qui ratione voluptatem sequi nesciunt.
Neque porro quisquam est, qui dolorem ipsum quia dolor sit amet, consectetur, adipisci velit,
sed quia non numquam eius modi tempora incidunt ut labore et dolore magnam aliquam quaerat voluptatem.
Ut enim ad minima veniam, quis nostrum exercitationem ullam corporis suscipit laboriosam,
nisi ut aliquid ex ea commodi consequatur? Quis autem vel eum iure reprehenderit qui in ea voluptate velit esse quam nihil molestiae consequatur,
vel illum qui dolorem eum fugiat quo voluptas nulla pariatur?Homo homini lupus

Q7.Show the at.txt file and lorem.txt file contents from lorem folder.

solution:
Megha@LAPTOP-LMBNID1E MINGW64 ~/desktop/ironhack/week_1/day_1/morning/lab-bash (master)
$ cat lorem/at.txt lorem/lorem.txt
At vero eos ET accusamus ET iusto odio dignissimos ducimus qui blanditiis praesentium voluptatum
deleniti atque corrupti quos dolores ET quas molestias excepturi sint occaecati cupiditate non
provident, similique sunt in culpa qui officia deserunt mollitia animi, id est laborum ET dolorum fuga.
Et harum quidem rerum facilis est ET expedita distinctio.
Nam libero tempore, cum soluta nobis est eligendi optio cumque nihil impedit quo minus id quod
maxime placeat facere possimus, omnis voluptas assumenda est, omnis dolor repellendus.
Temporibus autem quibusdam ET aut officiis debitis aut rerum necessitatibus saepe eveniET
ut ET voluptates repudiandae sint ET molestiae non recusandae.
Itaque earum rerum hic tenETur a sapiente delectus, ut aut reiciendis voluptatibus maiores
alias consequatur aut perferendis doloribus asperiores repellat
Lorem ipsum dolor sit amet, consectetur adipiscing elit, sed do eiusmod tempor incididunt ut labore et dolore magna aliqua.
Ut enim ad minim veniam, quis nostrud exercitation ullamco laboris nisi ut aliquip ex ea commodo consequat.
Duis aute irure dolor in reprehenderit in voluptate velit esse cillum dolore eu fugiat nulla pariatur.
Excepteur sint occaecat cupidatat non proident, sunt in culpa qui officia deserunt mollit anim id est laborum.

Q8. Print the first 3 rows in sed.txt file from lorem-copy folder.

solution :

Megha@LAPTOP-LMBNID1E MINGW64 ~/desktop/ironhack/week_1/day_1/morning/lab-bash (master)
$ head -n 3 lorem-copy/sed.txt
Sed ut perspiciatis unde omnis iste natus error sit voluptatem accusantium doloremque laudantium,
totam rem aperiam, eaque ipsa quae ab illo inventore veritatis et quasi architecto beatae vitae dicta sunt explicabo.
Nemo enim ipsam voluptatem quia voluptas sit aspernatur aut odit aut fugit,


Q9. Print the last 3 rows in sed.txt file from lorem-copy folder.
solution:
Megha@LAPTOP-LMBNID1E MINGW64 ~/desktop/ironhack/week_1/day_1/morning/lab-bash (master)
$ tail -n 3 lorem-copy/sed.txt
Ut enim ad minima veniam, quis nostrum exercitationem ullam corporis suscipit laboriosam,
nisi ut aliquid ex ea commodi consequatur? Quis autem vel eum iure reprehenderit qui in ea voluptate velit esse quam nihil molestiae consequatur,
vel illum qui dolorem eum fugiat quo voluptas nulla pariatur?Homo homini lupus


Q10. Add Homo homini lupus. at the end of sed.txt file in the lorem-copy folder.
solution:
Megha@LAPTOP-LMBNID1E MINGW64 ~/desktop/ironhack/week_1/day_1/morning/lab-bash (master)
$ echo "Homo homini lupus" >> lorem-copy/sed.txt

Q11.Print the last 3 rows in sed.txt file from lorem-copy folder. You should see Homo homini lupus..
solution:
Megha@LAPTOP-LMBNID1E MINGW64 ~/desktop/ironhack/week_1/day_1/morning/lab-bash (master)
$ tail -n 3 lorem-copy/sed.txt
nisi ut aliquid ex ea commodi consequatur? Quis autem vel eum iure reprehenderit qui in ea voluptate velit esse quam nihil molestiae consequatur,
vel illum qui dolorem eum fugiat quo voluptas nulla pariatur?Homo homini lupus
Homo homini lupus

Q12.sed command is used to replace the text in a file. Use the sed command to replace all occurances of et with ET in the file at.txt file present in the folder lorem. You can use the following link to refer to sed commands

solution:
Megha@LAPTOP-LMBNID1E MINGW64 ~/desktop/ironhack/week_1/day_1/morning/lab-bash (master)
$ sed -i 's\et\ET\g' lorem/at.txt

Q13.Find who is the system user

solution :
Megha@LAPTOP-LMBNID1E MINGW64 ~/desktop/ironhack/week_1/day_1/morning/lab-bash (master)
$ "whoami"
Megha



Q14.Find the current path of the directory you are in.

solution :

Megha@LAPTOP-LMBNID1E MINGW64 ~/desktop/ironhack/week_1/day_1/morning/lab-bash (master)
$ pwd
/c/Users/Megha/desktop/ironhack/week_1/day_1/morning/lab-bash


Q15. List all files with the extension .txt in lorem folder.

solutiom:
Megha@LAPTOP-LMBNID1E MINGW64 ~/desktop/ironhack/week_1/day_1/morning/lab-bash (master)
$ cd lorem

Megha@LAPTOP-LMBNID1E MINGW64 ~/desktop/ironhack/week_1/day_1/morning/lab-bash/lorem (master)
$ ls *.txt
at.txt  lorem.txt  sed.txt


Q16. Count the rows in sed.txt file from lorem folder. Look concatenate cat and wc with the pipe |.

solution:
Megha@LAPTOP-LMBNID1E MINGW64 ~/desktop/ironhack/week_1/day_1/morning/lab-bash (master)
$ cat lorem/sed.txt | wc -l
9


Q17. Count the files which start with lorem in all directories.

solution:

Megha@LAPTOP-LMBNID1E MINGW64 ~/desktop/ironhack/week_1/day_1/morning/lab-bash (master)
$ find ./ -type f -name "lorem*" |wc -l
2

bonus 

Q20. Store your name in a variable with read command.
solution:
Megha@LAPTOP-LMBNID1E MINGW64 ~/desktop/ironhack/week_1/day_1/morning/lab-bash (master)
$ echo "Enter your name:"
read your_name
Enter your name:
megha



Q21.Print that variable
solution:
echo "Hello, $your_name!"
Hello, megha!

Q22.Create a new directory named with variable name.

solution:
Megha@LAPTOP-LMBNID1E MINGW64 ~/desktop/ironhack/week_1/day_1/morning/lab-bash (master)
$ mkdir $your_name


Q23.Remove that directory.

solution:
Megha@LAPTOP-LMBNID1E MINGW64 ~/desktop/ironhack/week_1/day_1/morning/lab-bash (master)
$ rm -r $your_name
